// Jest Snapshot v1, https://goo.gl/fbAQLP

exports[`zos-restart-jobs restart jes should not have changed 1`] = `
Object {
  "description": "Restart a failed job by job ID and from step name is specified.",
  "examples": Array [
    Object {
      "description": "Restart job with job ID JOB03456 starting from EXECSTEP3 step",
      "options": "JOB03456 EXECSTEP3",
    },
  ],
  "name": "jes",
  "options": Array [
    Object {
      "aliases": Array [
        "vasc",
      ],
      "description": "Print all spool output. If you use this option you will wait the job to complete.",
      "name": "view-all-spool-content",
      "type": "boolean",
    },
    Object {
      "aliases": Array [
        "wfo",
      ],
      "description": "Wait for the job to enter OUTPUT status before completing the command.",
      "name": "wait-for-output",
      "type": "boolean",
    },
    Object {
      "aliases": Array [
        "wfa",
      ],
      "conflictsWith": Array [
        "wait-for-output",
        "view-all-spool-content",
        "directory",
      ],
      "description": "Wait for the job to enter ACTIVE status before completing the command.",
      "name": "wait-for-active",
      "type": "boolean",
    },
    Object {
      "aliases": Array [
        "d",
      ],
      "description": "The local directory you would like to download the output of the job. Creates a subdirectory using the jobID as the name and files are titled based on DD names. If you use this option you will wait the job to complete.",
      "name": "directory",
      "type": "string",
    },
    Object {
      "aliases": Array [
        "e",
      ],
      "description": "A file extension to save the job output with. Default is '.txt'.",
      "name": "extension",
      "type": "string",
    },
  ],
  "outputFormatOptions": true,
  "positionals": Array [
    Object {
      "description": "The job ID (e.g. JOB00123) of the job. Job ID is a unique identifier for z/OS batch jobs -- no two jobs on one system can have the same ID. Note: z/OS allows you to abbreviate the job ID if desired. You can use, for example \\"J123\\".",
      "name": "jobid",
      "required": true,
      "type": "string",
    },
    Object {
      "description": "The step name (e.g. STEP1) of the job. Step name is a unique identifier for a step within z/OS batch jobs. The step name is used to restart job from that point.",
      "name": "stepname",
      "required": true,
      "type": "string",
    },
  ],
  "profile": Object {
    "optional": Array [
      "zosmf",
    ],
  },
  "summary": "Restart a failed job",
  "type": "command",
}
`;
